[wedo.dexignzone.com/xhtml/index.html]
[backblue.gif]
[fade.gif]
[index.html]
[wedo.dexignzone.com/xhtml/social-image.png]
[wedo.dexignzone.com/xhtml/assets/images/favicon.png]
[wedo.dexignzone.com/xhtml/manifest.json]
[wedo.dexignzone.com/xhtml/search.html]
[wedo.dexignzone.com/xhtml/wishlist.html]
[wedo.dexignzone.com/xhtml/cart.html]
[wedo.dexignzone.com/xhtml/profile.html]
[wedo.dexignzone.com/xhtml/assets/images/user-profile.jpg]
[wedo.dexignzone.com/xhtml/product-list.html]
[wedo.dexignzone.com/xhtml/components.html]
[wedo.dexignzone.com/xhtml/pages.html]
[wedo.dexignzone.com/xhtml/featured.html]
[wedo.dexignzone.com/xhtml/order.html]
[wedo.dexignzone.com/xhtml/onboarding.html]
[wedo.dexignzone.com/xhtml/assets/images/banner/pic1.png]
[wedo.dexignzone.com/xhtml/assets/images/banner/pic2.png]
[wedo.dexignzone.com/xhtml/assets/images/banner/pic3.png]
[wedo.dexignzone.com/xhtml/category.html]
[wedo.dexignzone.com/xhtml/assets/images/category/mobile.png]
[wedo.dexignzone.com/xhtml/assets/images/category/electronics.png]
[wedo.dexignzone.com/xhtml/assets/images/category/fashion.png]
[wedo.dexignzone.com/xhtml/assets/images/category/furniture.png]
[wedo.dexignzone.com/xhtml/assets/images/category/grocery.png]
[wedo.dexignzone.com/xhtml/assets/images/category/appliances.png]
[wedo.dexignzone.com/xhtml/assets/images/category/toys.png]
[wedo.dexignzone.com/xhtml/assets/images/background/bg2.png]
[wedo.dexignzone.com/xhtml/assets/images/offer/pic1.png]
[wedo.dexignzone.com/xhtml/product.html]
[wedo.dexignzone.com/xhtml/product-detail.html]
[wedo.dexignzone.com/xhtml/assets/images/product/pic1.jpg]
[wedo.dexignzone.com/xhtml/assets/images/product/pic2.jpg]
[wedo.dexignzone.com/xhtml/assets/images/product/pic3.jpg]
[wedo.dexignzone.com/xhtml/assets/images/product/pic4.jpg]
[wedo.dexignzone.com/xhtml/assets/images/product/pic5.jpg]
[wedo.dexignzone.com/xhtml/assets/images/product/pic9.png]
[wedo.dexignzone.com/xhtml/assets/images/product/pic10.png]
[wedo.dexignzone.com/xhtml/assets/images/product/pic11.png]
[wedo.dexignzone.com/xhtml/assets/images/product/pic12.png]
[wedo.dexignzone.com/xhtml/assets/images/product/pic13.png]
[wedo.dexignzone.com/xhtml/assets/images/product/pic14.png]
[wedo.dexignzone.com/xhtml/assets/images/product/pic15.png]
[wedo.dexignzone.com/xhtml/assets/images/logo.png]
[wedo.dexignzone.com/xhtml/assets/images/logo-white.png]
[wedo.dexignzone.com/xhtml/index.html]
[wedo.dexignzone.com/xhtml/assets/vendor/bootstrap-select/dist/css/bootstrap-select.min.css]
[wedo.dexignzone.com/xhtml/assets/vendor/bootstrap-touchspin/dist/jquery.bootstrap-touchspin.min.css]
[wedo.dexignzone.com/xhtml/assets/vendor/swiper/swiper-bundle.min.css]
[wedo.dexignzone.com/xhtml/assets/css/style.css]
[wedo.dexignzone.com/xhtml/search.html]
[wedo.dexignzone.com/xhtml/assets/images/product/pic6.jpg]
[wedo.dexignzone.com/xhtml/assets/images/product/pic7.jpg]
[wedo.dexignzone.com/xhtml/assets/images/product/pic8.jpg]
[wedo.dexignzone.com/xhtml/wishlist.html]
[wedo.dexignzone.com/xhtml/assets/images/user.png]
[wedo.dexignzone.com/xhtml/checkout.html]
[wedo.dexignzone.com/xhtml/cart.html]
[wedo.dexignzone.com/xhtml/edit-profile.html]
[wedo.dexignzone.com/xhtml/coupon.html]
[wedo.dexignzone.com/xhtml/help.html]
[wedo.dexignzone.com/xhtml/address.html]
[wedo.dexignzone.com/xhtml/notification.html]
[wedo.dexignzone.com/xhtml/welcome.html]
[wedo.dexignzone.com/xhtml/profile.html]
[wedo.dexignzone.com/xhtml/product-list.html]
[wedo.dexignzone.com/xhtml/ui-accordion.html]
[wedo.dexignzone.com/xhtml/ui-alert.html]
[wedo.dexignzone.com/xhtml/ui-avatar.html]
[wedo.dexignzone.com/xhtml/ui-badge.html]
[wedo.dexignzone.com/xhtml/ui-breadcrumb.html]
[wedo.dexignzone.com/xhtml/ui-button.html]
[wedo.dexignzone.com/xhtml/ui-button-group.html]
[wedo.dexignzone.com/xhtml/ui-card.html]
[wedo.dexignzone.com/xhtml/ui-inputs.html]
[wedo.dexignzone.com/xhtml/ui-dropdown.html]
[wedo.dexignzone.com/xhtml/ui-collapse.html]
[wedo.dexignzone.com/xhtml/ui-radio.html]
[wedo.dexignzone.com/xhtml/ui-timeline.html]
[wedo.dexignzone.com/xhtml/ui-social.html]
[wedo.dexignzone.com/xhtml/ui-list-group.html]
[wedo.dexignzone.com/xhtml/ui-modal.html]
[wedo.dexignzone.com/xhtml/ui-tab.html]
[wedo.dexignzone.com/xhtml/ui-switch.html]
[wedo.dexignzone.com/xhtml/ui-divider.html]
[wedo.dexignzone.com/xhtml/ui-stepper.html]
[wedo.dexignzone.com/xhtml/ui-offcanvas.html]
[wedo.dexignzone.com/xhtml/ui-pagination.html]
[wedo.dexignzone.com/xhtml/ui-placeholder.html]
[wedo.dexignzone.com/xhtml/ui-progress.html]
[wedo.dexignzone.com/xhtml/ui-popover.html]
[wedo.dexignzone.com/xhtml/ui-scrollspy.html]
[wedo.dexignzone.com/xhtml/ui-spinners.html]
[wedo.dexignzone.com/xhtml/ui-toast.html]
[wedo.dexignzone.com/xhtml/ui-typography.html]
[wedo.dexignzone.com/xhtml/ui-lightgallery.html]
[wedo.dexignzone.com/xhtml/components.html]
[wedo.dexignzone.com/xhtml/login.html]
[wedo.dexignzone.com/xhtml/register.html]
[wedo.dexignzone.com/xhtml/forgot-password.html]
[wedo.dexignzone.com/xhtml/otp-confirm.html]
[wedo.dexignzone.com/xhtml/change-password.html]
[wedo.dexignzone.com/xhtml/chat-list.html]
[wedo.dexignzone.com/xhtml/chat.html]
[wedo.dexignzone.com/xhtml/filter.html]
[wedo.dexignzone.com/xhtml/payment.html]
[wedo.dexignzone.com/xhtml/tracking-order.html]
[wedo.dexignzone.com/xhtml/error-404.html]
[wedo.dexignzone.com/xhtml/pages.html]
[wedo.dexignzone.com/xhtml/assets/images/featured/pic1.png]
[wedo.dexignzone.com/xhtml/assets/images/featured/pic2.png]
[wedo.dexignzone.com/xhtml/assets/images/featured/pic3.png]
[wedo.dexignzone.com/xhtml/assets/images/featured/pic4.png]
[wedo.dexignzone.com/xhtml/featured.html]
[wedo.dexignzone.com/xhtml/assets/images/popular/small/pic1.png]
[wedo.dexignzone.com/xhtml/assets/images/popular/small/pic2.png]
[wedo.dexignzone.com/xhtml/assets/images/popular/small/pic3.png]
[wedo.dexignzone.com/xhtml/order.html]
[wedo.dexignzone.com/xhtml/assets/images/background/bg1.png]
[wedo.dexignzone.com/xhtml/assets/images/onboarding/pic1.png]
[wedo.dexignzone.com/xhtml/assets/images/onboarding/pic2.png]
[wedo.dexignzone.com/xhtml/assets/images/onboarding/pic3.png]
[wedo.dexignzone.com/xhtml/onboarding.html]
[wedo.dexignzone.com/xhtml/category.html]
[wedo.dexignzone.com/xhtml/product.html]
[wedo.dexignzone.com/xhtml/assets/images/product/detail/pic1.png]
[wedo.dexignzone.com/xhtml/assets/images/product/detail/pic2.png]
[wedo.dexignzone.com/xhtml/assets/images/product/detail/pic3.png]
[wedo.dexignzone.com/xhtml/assets/images/product/detail/pic4.png]
[wedo.dexignzone.com/xhtml/product-detail.html]
[wedo.dexignzone.com/xhtml/assets/js/jquery.js]
[wedo.dexignzone.com/xhtml/assets/vendor/bootstrap/js/bootstrap.bundle.min.js]
[wedo.dexignzone.com/xhtml/assets/vendor/swiper/swiper-bundle.min.js]
[wedo.dexignzone.com/xhtml/assets/vendor/countdown/jquery.countdown.js]
[wedo.dexignzone.com/xhtml/assets/vendor/bootstrap-touchspin/dist/jquery.bootstrap-touchspin.min.js]
[wedo.dexignzone.com/xhtml/assets/js/dz.carousel.js]
[wedo.dexignzone.com/xhtml/assets/js/settings.js]
[wedo.dexignzone.com/xhtml/assets/js/custom.js]
[wedo.dexignzone.com/xhtml/index.js]
[wedo.dexignzone.com/xhtml/assets/icons/fontawesome/webfonts/fa-brands-400.woff2]
[wedo.dexignzone.com/xhtml/assets/icons/fontawesome/webfonts/fa-brands-400.ttf]
[wedo.dexignzone.com/xhtml/assets/icons/fontawesome/webfonts/fa-regular-400.woff2]
[wedo.dexignzone.com/xhtml/assets/icons/fontawesome/webfonts/fa-regular-400.ttf]
[wedo.dexignzone.com/xhtml/assets/icons/fontawesome/webfonts/fa-solid-900.woff2]
[wedo.dexignzone.com/xhtml/assets/icons/fontawesome/webfonts/fa-solid-900.ttf]
[wedo.dexignzone.com/xhtml/assets/icons/fontawesome/webfonts/fa-v4compatibility.woff2]
[wedo.dexignzone.com/xhtml/assets/icons/fontawesome/webfonts/fa-v4compatibility.ttf]
[wedo.dexignzone.com/xhtml/assets/icons/fontawesome/css/all.min.css]
[wedo.dexignzone.com/xhtml/assets/icons/feather/fonts/feathere8ab.eot]
[wedo.dexignzone.com/xhtml/assets/icons/feather/fonts/feathere8ab.woff]
[wedo.dexignzone.com/xhtml/assets/icons/feather/fonts/feathere8ab.ttf]
[wedo.dexignzone.com/xhtml/assets/icons/feather/css/iconfont.css]
[wedo.dexignzone.com/xhtml/assets/icons/flaticon/flaticon1486.ttf]
[wedo.dexignzone.com/xhtml/assets/icons/flaticon/flaticon1486.woff]
[wedo.dexignzone.com/xhtml/assets/icons/flaticon/flaticon1486.woff2]
[wedo.dexignzone.com/xhtml/assets/icons/flaticon/flaticon1486.eot]
[wedo.dexignzone.com/xhtml/assets/icons/flaticon/flaticon.css]
[wedo.dexignzone.com/xhtml/assets/icons/themify-icons/fonts/themify9f249f24.eot]
[wedo.dexignzone.com/xhtml/assets/icons/themify-icons/fonts/themifyd41dd41d.eot]
[wedo.dexignzone.com/xhtml/assets/icons/themify-icons/fonts/themify.woff]
[wedo.dexignzone.com/xhtml/assets/icons/themify-icons/fonts/themify.ttf]
[wedo.dexignzone.com/xhtml/assets/icons/themify-icons/css/themify-icons.css]
[wedo.dexignzone.com/xhtml/checkout.html]
[wedo.dexignzone.com/xhtml/edit-profile.html]
[wedo.dexignzone.com/xhtml/coupon.html]
[wedo.dexignzone.com/xhtml/assets/images/help/service1.png]
[wedo.dexignzone.com/xhtml/assets/images/help/service2.png]
[wedo.dexignzone.com/xhtml/help.html]
[wedo.dexignzone.com/xhtml/address.html]
[wedo.dexignzone.com/xhtml/notification.html]
[wedo.dexignzone.com/xhtml/welcome.html]
[wedo.dexignzone.com/xhtml/assets/images/flags/india.svg]
[wedo.dexignzone.com/xhtml/assets/images/flags/united-states.svg]
[wedo.dexignzone.com/xhtml/assets/images/flags/germany.svg]
[wedo.dexignzone.com/xhtml/assets/images/flags/italy.svg]
[wedo.dexignzone.com/xhtml/assets/images/flags/spain.svg]
[wedo.dexignzone.com/xhtml/assets/images/bg-shape.png]
[wedo.dexignzone.com/xhtml/assets/images/bootstrap-logo.png]
[wedo.dexignzone.com/xhtml/ui-accordion.html]
[wedo.dexignzone.com/xhtml/ui-alert.html]
[wedo.dexignzone.com/xhtml/assets/images/avatar/1.jpg]
[wedo.dexignzone.com/xhtml/assets/images/avatar/2.jpg]
[wedo.dexignzone.com/xhtml/assets/images/avatar/3.jpg]
[wedo.dexignzone.com/xhtml/assets/images/avatar/4.jpg]
[wedo.dexignzone.com/xhtml/assets/images/avatar/5.jpg]
[wedo.dexignzone.com/xhtml/ui-avatar.html]
[wedo.dexignzone.com/xhtml/ui-badge.html]
[wedo.dexignzone.com/xhtml/ui-breadcrumb.html]
[wedo.dexignzone.com/xhtml/ui-button.html]
[wedo.dexignzone.com/xhtml/ui-button-group.html]
[wedo.dexignzone.com/xhtml/assets/images/popular/pic1.png]
[wedo.dexignzone.com/xhtml/assets/images/popular/pic2.png]
[wedo.dexignzone.com/xhtml/assets/images/popular/pic3.png]
[wedo.dexignzone.com/xhtml/ui-card.html]
[wedo.dexignzone.com/xhtml/ui-inputs.html]
[wedo.dexignzone.com/xhtml/ui-dropdown.html]
[wedo.dexignzone.com/xhtml/ui-collapse.html]
[wedo.dexignzone.com/xhtml/ui-radio.html]
[wedo.dexignzone.com/xhtml/assets/images/avatar/7.jpg]
[wedo.dexignzone.com/xhtml/assets/images/avatar/8.jpg]
[wedo.dexignzone.com/xhtml/ui-timeline.html]
[wedo.dexignzone.com/xhtml/ui-social.html]
[wedo.dexignzone.com/xhtml/ui-list-group.html]
[wedo.dexignzone.com/xhtml/ui-modal.html]
[wedo.dexignzone.com/xhtml/ui-tab.html]
[wedo.dexignzone.com/xhtml/ui-switch.html]
[wedo.dexignzone.com/xhtml/ui-divider.html]
[wedo.dexignzone.com/xhtml/ui-stepper.html]
[wedo.dexignzone.com/xhtml/ui-offcanvas.html]
[wedo.dexignzone.com/xhtml/ui-pagination.html]
[wedo.dexignzone.com/xhtml/ui-placeholder.html]
[wedo.dexignzone.com/xhtml/ui-progress.html]
[wedo.dexignzone.com/xhtml/ui-popover.html]
[wedo.dexignzone.com/xhtml/ui-scrollspy.html]
[wedo.dexignzone.com/xhtml/ui-spinners.html]
[wedo.dexignzone.com/xhtml/ui-toast.html]
[wedo.dexignzone.com/xhtml/ui-typography.html]
[wedo.dexignzone.com/xhtml/assets/images/popular/pic4.png]
[wedo.dexignzone.com/xhtml/ui-lightgallery.html]
[wedo.dexignzone.com/xhtml/login.html]
[wedo.dexignzone.com/xhtml/assets/images/icons/google.png]
[wedo.dexignzone.com/xhtml/assets/images/icons/facebook.png]
[wedo.dexignzone.com/xhtml/register.html]
[wedo.dexignzone.com/xhtml/forgot-password.html]
[wedo.dexignzone.com/xhtml/otp-confirm.html]
[wedo.dexignzone.com/xhtml/change-password.html]
[wedo.dexignzone.com/xhtml/chat-list.html]
[wedo.dexignzone.com/xhtml/chat.html]
[wedo.dexignzone.com/xhtml/filter.html]
[wedo.dexignzone.com/xhtml/assets/images/icons/discount.png]
[wedo.dexignzone.com/xhtml/assets/images/icons/cash.png]
[wedo.dexignzone.com/xhtml/assets/images/icons/card.png]
[wedo.dexignzone.com/xhtml/assets/images/payment/visa.png]
[wedo.dexignzone.com/xhtml/assets/images/payment/mastercard.png]
[wedo.dexignzone.com/xhtml/assets/images/payment/discover.png]
[wedo.dexignzone.com/xhtml/assets/images/payment/card.png]
[wedo.dexignzone.com/xhtml/assets/images/icons/pay.png]
[wedo.dexignzone.com/xhtml/assets/images/icons/wallet.png]
[wedo.dexignzone.com/xhtml/assets/images/icons/bank.png]
[wedo.dexignzone.com/xhtml/payment.html]
[wedo.dexignzone.com/xhtml/tracking-order.html]
[wedo.dexignzone.com/xhtml/assets/images/error.png]
[wedo.dexignzone.com/xhtml/error-404.html]
[wedo.dexignzone.com/xhtml/assets/vendor/wow/css/libs/animate.css]
[wedo.dexignzone.com/xhtml/assets/vendor/wow/dist/wow.min.js]
[wedo.dexignzone.com/xhtml/assets/css/style-rtl.css]
[wedo.dexignzone.com/xhtml/app.js]
[wedo.dexignzone.com/xhtml/assets/icons/feather/fonts/feathere8ab.svg]
[wedo.dexignzone.com/xhtml/assets/icons/flaticon/flaticon1486.svg]
[wedo.dexignzone.com/xhtml/assets/icons/themify-icons/fonts/themify9f249f24.svg]
[wedo.dexignzone.com/xhtml/assets/images/service.svg]
[wedo.dexignzone.com/xhtml/assets/vendor/nouislider/nouislider.min.css]
[wedo.dexignzone.com/xhtml/assets/vendor/nouislider/nouislider.min.js]
[wedo.dexignzone.com/xhtml/assets/vendor/wnumb/wNumb.js]
[wedo.dexignzone.com/xhtml/assets/js/noui-slider.init.js]
[wedo.dexignzone.com/xhtml/assets/vendor/lightgallery/dist/fonts/lgb687.woff2]
[wedo.dexignzone.com/xhtml/assets/vendor/lightgallery/dist/fonts/lgb687.ttf]
[wedo.dexignzone.com/xhtml/assets/vendor/lightgallery/dist/fonts/lgb687.woff]
[wedo.dexignzone.com/xhtml/assets/vendor/lightgallery/dist/images/loading.gif]
[wedo.dexignzone.com/xhtml/assets/vendor/lightgallery/dist/css/lightgallery.css]
[wedo.dexignzone.com/xhtml/assets/vendor/lightgallery/dist/css/lg-thumbnail.css]
[wedo.dexignzone.com/xhtml/assets/vendor/lightgallery/dist/css/lg-zoom.css]
[wedo.dexignzone.com/xhtml/assets/vendor/lightgallery/dist/lightgallery.umd.js]
[wedo.dexignzone.com/xhtml/assets/vendor/lightgallery/dist/plugins/thumbnail/lg-thumbnail.umd.js]
[wedo.dexignzone.com/xhtml/assets/vendor/lightgallery/dist/plugins/zoom/lg-zoom.umd.js]
[wedo.dexignzone.com/xhtml/assets/images/bank/bank1.svg]
[wedo.dexignzone.com/xhtml/assets/images/bank/bank2.svg]
[wedo.dexignzone.com/xhtml/assets/images/bank/bank3.svg]
[wedo.dexignzone.com/xhtml/assets/images/bank/bank4.svg]
[wedo.dexignzone.com/xhtml/assets/images/bank/bank5.svg]
[wedo.dexignzone.com/xhtml/assets/images/bank/bank6.svg]
[wedo.dexignzone.com/xhtml/assets/images/bank/bank7.svg]
[wedo.dexignzone.com/xhtml/assets/images/bank/bank8.svg]
[wedo.dexignzone.com/xhtml/assets/images/error2.svg]
[wedo.dexignzone.com/xhtml/assets/vendor/lightgallery/dist/fonts/lgb687.svg]
